[baseline-browser-mapping] The data in this module is over two months old.  To ensure accurate Baseline data, please update: `npm i baseline-browser-mapping@latest -D`
FAIL __tests__/app/transaction/list/math.test.tsx
  TransactionListPage Inventory Math
    × correctly calculates total inventory cost (unit_cost * quantity) (296 ms)

  ● TransactionListPage Inventory Math › correctly calculates total inventory cost (unit_cost * quantity)

    TestingLibraryElementError: Found multiple elements with the text: /1,100/

    Here are the matching elements:

    Ignored nodes: comments, script, style
    [36m<div[39m
      [33mclass[39m=[32m"value"[39m
    [36m>[39m
      [0m$1,100.00[0m
    [36m</div>[39m

    Ignored nodes: comments, script, style
    [36m<div[39m
      [33mclass[39m=[32m"value"[39m
      [33mstyle[39m=[32m"color: rgb(220, 38, 38);"[39m
    [36m>[39m
      [0m-$1,100.00[0m
    [36m</div>[39m

    Ignored nodes: comments, script, style
    [36m<td[39m
      [33mclass[39m=[32m"sc-1ed13411-18 JmLEy"[39m
      [33mstyle[39m=[32m"white-space: nowrap;"[39m
    [36m>[39m
      [0m-[0m
      [0m$1,100.00[0m
    [36m</td>[39m

    (If this is intentional, then use the `*AllBy*` variant of the query (like `queryAllByText`, `getAllByText`, or `findAllByText`)).

    Ignored nodes: comments, script, style
    [36m<body>[39m
      [36m<div>[39m
        [36m<div[39m
          [33mdata-testid[39m=[32m"mock-layout"[39m
        [36m>[39m
          [36m<div[39m
            [33mclass[39m=[32m"sc-1ed13411-0 bHjlSB"[39m
          [36m>[39m
            [36m<div[39m
              [33mclass[39m=[32m"sc-1ed13411-1 juuQFH"[39m
            [36m>[39m
              [36m<div[39m
                [33mclass[39m=[32m"sc-1ed13411-2 eUNJOk"[39m
              [36m>[39m
                [36m<h1>[39m
                  [0mTransactions[0m
                [36m</h1>[39m
                [36m<p>[39m
                  [0mView all revenue and expense transactions[0m
                [36m</p>[39m
              [36m</div>[39m
              [36m<div[39m
                [33mclass[39m=[32m"sc-1ed13411-4 EntOX"[39m
              [36m>[39m
                [36m<div[39m
                  [33mclass[39m=[32m"sc-1ed13411-6 iCUIww"[39m
                [36m>[39m
                  [36m<div[39m
                    [33mclass[39m=[32m"label"[39m
                  [36m>[39m
                    [0mTotal Revenue[0m
                  [36m</div>[39m
                  [36m<div[39m
                    [33mclass[39m=[32m"value"[39m
                  [36m>[39m
                    [0m$0.00[0m
                  [36m</div>[39m
                [36m</div>[39m
                [36m<div[39m
                  [33mclass[39m=[32m"sc-1ed13411-6 iCUIww"[39m
                [36m>[39m
                  [36m<div[39m
                    [33mclass[39m=[32m"label"[39m
                  [36m>[39m
                    [0mTotal Sales[0m
                  [36m</div>[39m
                  [36m<div[39m
                    [33mclass[39m=[32m"value"[39m
                  [36m>[39m
                    [0m$0.00[0m
                  [36m</div>[39m
                [36m</div>[39m
                [36m<div[39m
                  [33mclass[39m=[32m"sc-1ed13411-6 eLCqKz"[39m
                [36m>[39m
                  [36m<div[39m
                    [33mclass[39m=[32m"label"[39m
                  [36m>[39m
                    [0mTotal Expenses[0m
                  [36m</div>[39m
                  [36m<div[39m
                    [33mclass[39m=[32m"value"[39m
                  [36m>[39m
                    [0m$0.00[0m
                  [36m</div>[39m
                [36m</div>[39m
              [36m</div>[39m
              [36m<div[39m
                [33mclass[39m=[32m"sc-1ed13411-5 bgBLTj"[39m
              [36m>[39m
                [36m<div[39m
                  [33mclass[39m=[32m"sc-1ed13411-6 eLCqKz"[39m
                [36m>[39m
                  [36m<div[39m
                    [33mclass[39m=[32m"label"[39m
                  [36m>[39m
                    [0mTotal Inventory Cost[0m
                  [36m</div>[39m
                  [36m<div[39m
                    [33mclass[39m=[32m"value"[39m
                  [36m>[39m
                    [0m$1,100.00[0m
                  [36m</div>[39m
                [36m</div>[39m
                [36m<div[39m
                  [33mclass[39m=[32m"sc-1ed13411-6 gLdEsE"[39m
                [36m>[39m
                  [36m<div[39m
                    [33mclass[39m=[32m"label"[39m
                  [36m>[39m
                    [0mNet Amount[0m
                  [36m</div>[39m
                  [36m<div[39m
                    [33mclass[39m=[32m"value"[39m
                    [33mstyle[39m=[32m"color: rgb(220, 38, 38);"[39m
                  [36m>[39m
                    [0m-$1,100.00[0m
                  [36m</div>[39m
                [36m</div>[39m
                [36m<div[39m
                  [33mclass[39m=[32m"sc-1ed13411-6 gLdEsE"[39m
                [36m>[39m
                  [36m<div[39m
                    [33mclass[39m=[32m"label"[39m
                  [36m>[39m
                    [0mTotal Transactions[0m
                  [36m</div>[39m
                  [36m<div[39m
                    [33mclass[39m=[32m"value"[39m
                  [36m>[39m
                    [0m1[0m
                  [36m</div>[39m
                [36m</div>[39m
              [36m</div>[39m
              [36m<div[39m
                [33mclass[39m=[32m"sc-1ed13411-7 irFuCY"[39m
              [36m>[39m
                [36m<div[39m
                  [33mclass[39m=[32m"sc-1ed13411-8 kBCROc"[39m
                [36m>[39m
                  [36m<div[39m
                    [33mclass[39m=[32m"sc-1ed13411-9 horHjQ"[39m
                  [36m>[39m
                    [36m<svg[39m
                      [33maria-hidden[39m=[32m"true"[39m
                      [33mclass[39m=[32m"lucide lucide-search"[39m
                      [33mfill[39m=[32m"none"[39m
                      [33mheight[39m=[32m"24"[39m
                      [33mstroke[39m=[32m"currentColor"[39m
                      [33mstroke-linecap[39m=[32m"round"[39m
                      [33mstroke-linejoin[39m=[32m"round"[39m
                      [33mstroke-width[39m=[32m"2"[39m
                      [33mviewBox[39m=[32m"0 0 24 24"[39m
                      [33mwidth[39m=[32m"24"[39m
                      [33mxmlns[39m=[32m"http://www.w3.org/2000/svg"[39m
                    [36m>[39m
                      [36m<path[39m
                        [33md[39m=[32m"m21 21-4.34-4.34"[39m
                      [36m/>[39m
                      [36m<circle[39m
                        [33mcx[39m=[32m"11"[39m
                        [33mcy[39m=[32m"11"[39m
                        [33mr[39m=[32m"8"[39m
                      [36m/>[39m
                    [36m</svg>[39m
                    [36m<input[39m
                      [33mclass[39m=[32m"sc-1ed13411-10 fohufV"[39m
                      [33mplaceholder[39m=[32m"Search transactions..."[39m
                      [33mtype[39m=[32m"text"[39m
                      [33mvalue[39m=[32m""[39m
                    [36m/>[39m
                  [36m</div>[39m
                  [36m<select[39m
                    [33mclass[39m=[32m"sc-1ed13411-11 cblxlg"[39m
                  [36m>[39m
                    [36m<option[39m
                      [33mvalue[39m=[32m"all"[39m
                    [36m>[39m
                      [0mAll Types[0m
                    [36m</option>[39m
                    [36m<option[39m
                      [33mvalue[39m=[32m"revenue"[39m
                    [36m>[39m
                      [0mRevenue[0m
                    [36m</option>[39m
                    [36m<option[39m
                      [33mvalue[39m=[32m"expense"[39m
                    [36m>[39m
                      [0mExpense[0m
                    [36m</option>[39m
                    [36m<option[39m
                      [33mvalue[39m=[32m"sale"[39m
                    [36m>[39m
                      [0mSales[0m
                    [36m</option>[39m
                    [36m<option[39m
                      [33mvalue[39m=[32m"inventory"[39m
                    [36m>[39m
                      [0mInventory[0m
                    [36m</option>[39m
                  [36m</select>[39m
                  [36m<select[39m
                    [33mclass[39m=[32m"sc-1ed13411-11 cblxlg"[39m
                  [36m>[39m
                    [36m<option[39m
                      [33mvalue[39m=[32m"all"[39m
                    [36m>[39m
                      [0mAll Status[0m
                    [36m</option>[39m
                    [36m<option[39m
                      [33mvalue[39m=[32m"approved"[39m
                    [36m>[39m
                      [0mApproved[0m
                    [36m</option>[39m
                    [36m<option[39m
                      [33mvalue[39m=[32m"posted"[39m
                    [36m>[39m
                      [0mPosted[0m
                    [36m</option>[39m
                    [36m<option[39m
                      [33mvalue[39m=[32m"active"[39m
                    [36m>[39m
                      [0mActive[0m
                    [36m</option>[39m
                    [36m<option[39m
                      [33mvalue[39m=[32m"pending"[39m
                    [36m>[39m
                      [0mPending[0m
                    [36m</option>[39m
                    [36m<option[39m
                      [33mvalue[39m=[32m"inactive"[39m
                    [36m>[39m
                      [0mInactive[0m
                    [36m</option>[39m
                    [36m<option[39m
                      [33mvalue[39m=[32m"cancelled"[39m
                    [36m>[39m
                      [0mCancelled[0m
                    [36m</option>[39m
                  [36m</select>[39m
                  [36m<button[39m
                    [33mclass[39m=[32m"inline-flex items-center justify-center gap-2 whitespace-nowrap rounded-md text-sm font-medium transition-all disabled:pointer-events-none disabled:opacity-50 [&_svg]:pointer-events-none [&_svg:not([class*='size-'])]:size-4 shrink-0 [&_svg]:shrink-0 outline-none focus-visible:border-ring focus-visible:ring-ring/50 focus-visible:ring-[3px] aria-invalid:ring-destructive/20 dark:aria-invalid:ring-destructive/40 aria-invalid:border-destructive border bg-background shadow-xs hover:bg-accent hover:text-accent-foreground dark:bg-input/30 dark:border-input dark:hover:bg-input/50 h-9 px-4 py-2 has-[>svg]:px-3"[39m
                    [33mdata-slot[39m=[32m"button"[39m
                    [33mstyle[39m=[32m"display: flex; align-items: center; gap: 8px; height: 38px;"[39m
                  [36m>[39m
                    [36m<svg[39m
                      [33maria-hidden[39m=[32m"true"[39m
                      [33mclass[39m=[32m"lucide lucide-download"[39m
                      [33mfill[39m=[32m"none"[39m
                      [33mheight[39m=[32m"16"[39m
                      [33mstroke[39m=[32m"currentColor"[39m
                      [33mstroke-linecap[39m=[32m"round"[39m
                      [33mstroke-linejoin[39m=[32m"round"[39m
                      [33mstroke-width[39m=[32m"2"[39m
                      [33mviewBox[39m=[32m"0 0 24 24"[39m
                      [33mwidth[39m=[32m"16"[39m
                      [33mxmlns[39m=[32m"http://www.w3.org/2000/svg"[39m
                    [36m>[39m
                      [36m<path[39m
                        [33md[39m=[32m"M12 15V3"[39m
                      [36m/>[39m
                      [36m<path[39m
                        [33md[39m=[32m"M21 15v4a2 2 0 0 1-2 2H5a2 2 0 0 1-2-2v-4"[39m
                      [36m/>[39m
                      [36m<path[39m
                        [33md[39m=[32m"m7 10 5 5 5-5"[39m
                      [36m/>[39m
                    [36m</svg>[39m
                    [0mExport[0m
                  [36m</button>[39m
                [36m</div>[39m
              [36m</div>[39m
              [36m<div[39m
                [33mclass[39m=[32m"sc-1ed13411-12 dYfLUA"[39m
              [36m>[39m
                [36m<div[39m
                  [33mstyle[39m=[32m"overflow-x: auto;"[39m
                [36m>[39m
                  [36m<table[39m
                    [33mclass[39m=[32m"sc-1ed13411-14 gXJdvb"[39m
                  [36m>[39m
                    [36m<thead[39m
                      [33mclass[39m=[32m"sc-1ed13411-15 iSSgIR"[39m
                    [36m>[39m
                      [36m<tr>[39m
                        [36m<th>[39m
                          [0mType[0m
                        [36m</th>[39m
                        [36m<th>[39m
                          [0mTitle[0m
                        [36m</th>[39m
                        [36m<th>[39m
                          [0mCategory[0m
                        [36m</th>[39m
                        [36m<th>[39m
                          [0mAmount[0m
                        [36m</th>[39m
                        [36m<th>[39m
                          [0mDate[0m
                        [36m</th>[39m
                        [36m<th>[39m
                          [0mStatus[0m
                        [36m</th>[39m
                        [36m<th>[39m
                          [0mActions[0m
                        [36m</th>[39m
                      [36m</tr>[39m
                    [36m</thead>[39m
                    [36m<tbody[39m
                      [33mclass[39m=[32m"sc-1ed13411-16 hQcmxb"[39m
                    [36m>[39m
                      [36m<tr>[39m
                        [36m<td[39m
                          [33mstyle[39m=[32m"white-space: nowrap;"[39m
                        [36m>[39m
                          [36m<span[39m
                            [33mclass[39m=[32m"sc-1ed13411-17 dizKyW"[39m
                          [36m>[39m
                            [36m<svg[39m
                              [33maria-hidden[39m=[32m"true"[39m
                              [33mclass[39m=[32m"lucide lucide-package"[39m
                              [33mfill[39m=[32m"none"[39m
                              [33mheight[39m=[32m"12"[39m
                              [33mstroke[39m=[32m"currentColor"[39m
                              [33mstroke-linecap[39m=[32m"round"[39m
                              [33mstroke-linejoin[39m=[32m"round"[39m
                              [33mstroke-width[39m=[32m"2"[39m
                              [33mviewBox[39m=[32m"0 0 24 24"[39m
                              [33mwidth[39m=[32m"12"[39m
                              [33mxmlns[39m=[32m"http://www.w3.org/2000/svg"[39m
                            [36m>[39m
                              [36m<path[39m
                                [33md[39m=[32m"M11 21.73a2 2 0 0 0 2 0l7-4A2 2 0 0 0 21 16V8a2 2 0 0 0-1-1.73l-7-4a2 2 0 0 0-2 0l-7 4A2 2 0 0 0 3 8v8a2 2 0 0 0 1 1.73z"[39m
                              [36m/>[39m
                              [36m<path[39m
                                [33md[39m=[32m"M12 22V12"[39m
                              [36m/>[39m
                              [36m<polyline[39m
                                [33mpoints[39m=[32m"3.29 7 12 12 20.71 7"[39m
                              [36m/>[39m
                              [36m<path[39m
                                [33md[39m=[32m"m7.5 4.27 9 5.15"[39m
                              [36m/>[39m
                            [36m</svg>[39m
                            [0mInventory[0m
                          [36m</span>[39m
                        [36m</td>[39m
                        [36m<td>[39m
                          [36m<div[39m
                            [33mclass[39m=[32m"sc-1ed13411-25 hUNMYC"[39m
                          [36m>[39m
                            [0mTest Item[0m
                          [36m</div>[39m
                        [36m</td>[39m
                        [36m<td[39m
                          [33mstyle[39m=[32m"white-space: nowrap;"[39m
                        [36m>[39m
                          [36m<span[39m
                            [33mclass[39m=[32m"sc-1ed13411-19 guYSmr"[39m
                          [36m>[39m
                            [0mElectronics[0m
                          [36m</span>[39m
                        [36m</td>[39m
                        [36m<td[39m
                          [33mclass[39m=[32m"sc-1ed13411-18 JmLEy"[39m
                          [33mstyle[39m=[32m"white-space: nowrap;"[39m
                        [36m>[39m
                          [0m-[0m
                          [0m$1,100.00[0m
                        [36m</td>[39m
                        [36m<td[39m
                          [33mstyle[39m=[32m"white-space: nowrap;"[39m
                        [36m>[39m
                          [0m1/21/2026[0m
                        [36m</td>[39m
                        [36m<td[39m
                          [33mstyle[39m=[32m"white-space: nowrap;"[39m
                        [36m>[39m
                          [36m<span[39m
                            [33mclass[39m=[32m"sc-1ed13411-20 kwiGRM"[39m
                          [36m>[39m
                            [0mActive[0m
                          [36m</span>[39m
                        [36m</td>[39m
                        [36m<td[39m
                          [33mstyle[39m=[32m"white-space: nowrap;"[39m
                        [36m>[39m
                          [36m<div[39m
                            [33mclass[39m=[32m"sc-1ed13411-22 hdkakI"[39m
                          [36m>[39m
                            [36m<a[39m
                              [33mhref[39m=[32m"/inventory/manage?item_id=1"[39m
                            [36m>[39m
                              [36m<button[39m
                                [33mclass[39m=[32m"inline-flex items-center justify-center whitespace-nowrap text-sm font-medium transition-all disabled:pointer-events-none disabled:opacity-50 [&_svg]:pointer-events-none [&_svg:not([class*='size-'])]:size-4 shrink-0 [&_svg]:shrink-0 outline-none focus-visible:border-ring focus-visible:ring-ring/50 focus-visible:ring-[3px] aria-invalid:ring-destructive/20 dark:aria-invalid:ring-destructive/40 aria-invalid:border-destructive bg-secondary text-secondary-foreground hover:bg-secondary/80 h-8 rounded-md gap-1.5 px-3 has-[>svg]:px-2.5"[39m
                                [33mdata-slot[39m=[32m"button"[39m
                              [36m>[39m
                                [0mView[0m
                              [36m</button>[39m
                            [36m</a>[39m
                          [36m</div>[39m
                        [36m</td>[39m
                      [36m</tr>[39m
                    [36m</tbody>[39m
                  [36m</table>[39m
                [36m</div>[39m
              [36m</div>[39m
            [36m</div>[39m
          [36m</div>[39m
        [36m</div>[39m
      [36m</div>[39m
    [36m</body>[39m

    [0m [90m 82 |[39m         [90m// The amount in the table for a unit cost of 110 and quantity of 10 should be 1100[39m
     [90m 83 |[39m         [90m// formatCurrency typically adds $ or similar, but the value should match 1,100[39m
    [31m[1m>[22m[39m[90m 84 |[39m         [36mconst[39m tableAmount [33m=[39m screen[33m.[39mgetByText([35m/1,100/[39m)[33m;[39m
     [90m    |[39m                                    [31m[1m^[22m[39m
     [90m 85 |[39m         expect(tableAmount)[33m.[39mtoBeInTheDocument()[33m;[39m
     [90m 86 |[39m
     [90m 87 |[39m         [90m// Check Total Inventory Cost summary card[39m[0m

      at Object.getElementError (node_modules/@testing-library/dom/dist/config.js:37:19)
      at getElementError (node_modules/@testing-library/dom/dist/query-helpers.js:20:35)
      at getMultipleElementsFoundError (node_modules/@testing-library/dom/dist/query-helpers.js:23:10)
      at node_modules/@testing-library/dom/dist/query-helpers.js:55:13
      at node_modules/@testing-library/dom/dist/query-helpers.js:95:19
      at Object.getByText (__tests__/app/transaction/list/math.test.tsx:84:36)

Test Suites: 1 failed, 1 total
Tests:       1 failed, 1 total
Snapshots:   0 total
Time:        1.978 s
Ran all test suites matching frontend/__tests__/app/transaction/list/math.test.tsx.
